INFO:pypsa.io:Imported network elec_s490_c490.nc has buses, carriers, generators, lines, links, loads, storage_units
Dropping empty generators.
Dropping empty generators.
Dropping empty generators.
Dropping empty generators.
Dropping empty generators.
Dropping empty generators.
Dropping empty generators.
Dropping empty generators.
Dropping empty generators.
Dropping empty generators.
Dropping empty generators.
Dropping empty generators.
# PENETRATION SWEEP + BOOTSTRAP  load x1.2  budgets=[2.0, 3.0, 4.0, 6.0, 8.0, 10.0]GW  nboot=2000













## WORKLOAD = inference  (sink pool 60, deficit pool 60, usable 464)












   H2 best-sink     node 155: $-576  [-616, -240]












   H2 median        node 453: $48  [14, 63]












   H2 worst-deficit node 286: $47724  [28089, 58616]
  fleet |            quality |          fewbig$           small$        gap(big-small)$
















































    2.0 |             random |    $255[121,393]       $46[30,53]           $209[60,355]








































































    3.0 |             random |     $109[62,144]       $59[37,68]             $50[29,71]








































































    4.0 |             random |     $740[35,962]       $56[37,64]            $12[-5,683]








































































    6.0 |             random |       $57[37,79]       $70[39,91]            $-5[-14,-0]








































































    8.0 |             random |    $175[107,223]      $97[58,134]             $56[41,87]








































































   10.0 |             random |     $136[62,179]      $81[44,113]             $30[16,77]





































## WORKLOAD = training  (sink pool 60, deficit pool 60, usable 454)












   H2 best-sink     node 166: $-440  [-531, -232]












   H2 median        node 455: $51  [34, 53]












   H2 worst-deficit node 345: $93345  [40527, 95125]
  fleet |            quality |          fewbig$           small$        gap(big-small)$
















































    2.0 |             random |    $475[273,584]     $103[71,137]          $264[200,420]








































































    3.0 |             random |      $89[50,115]       $67[35,86]             $24[16,29]








































































    4.0 |             random | $30984[586,61382]     $114[48,146]      $30825[388,61261]








































































    6.0 |             random |       $77[44,96]       $50[26,77]             $24[16,28]








































































    8.0 |             random |           INFEAS       $62[35,77]                    n/a








































































   10.0 |             random |           INFEAS     $149[92,174]                    n/a

























saved -> development/results/placement_integrated/sweep_results.json
