Matplotlib created a temporary cache directory at /var/folders/3j/5n1r8yyx2d58jn87prrxs_lm0000gn/T/matplotlib-7kttjtr6 because the default path (/Users/grantwilkins/.matplotlib) is not a writable directory; it is highly recommended to set the MPLCONFIGDIR environment variable to a writable directory, in particular to speed up the import of Matplotlib and to better support multiprocessing.

Fontconfig error: No writable cache directories
	/opt/homebrew/var/cache/fontconfig
	/Users/grantwilkins/.cache/fontconfig
	/Users/grantwilkins/.fontconfig
2026-06-09 20:16:08.023 system_profiler[35878:72979366] XType: Using static font registry.
Matplotlib is building the font cache; this may take a moment.
INFO:pypsa.io:Imported network elec_s490_c490.nc has buses, carriers, generators, lines, links, loads, storage_units
Dropping empty generators.
Dropping empty generators.
Dropping empty generators.
Dropping empty generators.
Dropping empty generators.
Dropping empty generators.
Dropping empty generators.
Dropping empty generators.
Dropping empty generators.
Dropping empty generators.
Dropping empty generators.
Dropping empty generators.
# PHASE-B FINISH  load x1.2  bad 25  clean 465  seeds 8 pools 24  usd_line 8.76e+08

## PART A -- seed-pinned wall + uniform-line crossover
   B= 6.0 inference: resume existing cell
/Users/grantwilkins/zap/.venv/lib/python3.11/site-packages/cvxpy/problems/problem.py:1504: UserWarning: Solution may be inaccurate. Try another solver, adjusting the solver settings, or solve with verbose=True for more information.
  warnings.warn(
   B= 6.0 training : conc 0.37[0.26,0.61] dist 0.76[0.67,0.88] sep=True | uniform-line reaches dist at uniform-line curve skipped for this non-crossover fleet
   B=10.0 inference: conc 0.35[0.18,0.60] dist 0.75[0.66,0.86] sep=True | uniform-line reaches dist at x=1.0 ($20B)
   B=10.0 training : conc 0.21[0.08,0.45] dist 0.65[0.55,0.73] sep=True | uniform-line reaches dist at x=2.0 ($40B)

saved -> development/results/placement_robustness/phaseB_finish_partA_25bad.json
